#! /c/Source/iverilog-install/bin/vvp
:ivl_version "12.0 (devel)" "(s20150603-1539-g2693dd32b)";
:ivl_delay_selection "TYPICAL";
:vpi_time_precision + 0;
:vpi_module "C:\iverilog\lib\ivl\system.vpi";
:vpi_module "C:\iverilog\lib\ivl\vhdl_sys.vpi";
:vpi_module "C:\iverilog\lib\ivl\vhdl_textio.vpi";
:vpi_module "C:\iverilog\lib\ivl\v2005_math.vpi";
:vpi_module "C:\iverilog\lib\ivl\va_math.vpi";
S_00000124655360a0 .scope module, "top_module" "top_module" 2 1;
 .timescale 0 0;
    .port_info 0 /INPUT 1 "clk";
    .port_info 1 /INPUT 1 "w";
    .port_info 2 /INPUT 1 "R";
    .port_info 3 /INPUT 1 "E";
    .port_info 4 /INPUT 1 "L";
    .port_info 5 /OUTPUT 1 "Q";
v000001246553aa50_0 .net "D", 0 0, L_000001246553ee60;  1 drivers
o00000124657c6fe8 .functor BUFZ 1, C4<z>; HiZ drive
v0000012465539ff0_0 .net "E", 0 0, o00000124657c6fe8;  0 drivers
o00000124657c7018 .functor BUFZ 1, C4<z>; HiZ drive
v0000012465536230_0 .net "L", 0 0, o00000124657c7018;  0 drivers
v00000124655362d0_0 .net "Q", 0 0, v000001246553ebe0_0;  1 drivers
o00000124657c7078 .functor BUFZ 1, C4<z>; HiZ drive
v0000012465536370_0 .net "R", 0 0, o00000124657c7078;  0 drivers
o00000124657c70a8 .functor BUFZ 1, C4<z>; HiZ drive
v0000012465536410_0 .net "clk", 0 0, o00000124657c70a8;  0 drivers
v000001246553ebe0_0 .var "out", 0 0;
o00000124657c7108 .functor BUFZ 1, C4<z>; HiZ drive
v000001246553ec80_0 .net "w", 0 0, o00000124657c7108;  0 drivers
v000001246553ed20_0 .net "w1", 0 0, L_000001246553edc0;  1 drivers
E_00000124655385b0 .event posedge, v0000012465536410_0;
L_000001246553edc0 .functor MUXZ 1, v000001246553ebe0_0, o00000124657c7108, o00000124657c6fe8, C4<>;
L_000001246553ee60 .functor MUXZ 1, L_000001246553edc0, o00000124657c7078, o00000124657c7018, C4<>;
    .scope S_00000124655360a0;
T_0 ;
    %wait E_00000124655385b0;
    %load/vec4 v000001246553aa50_0;
    %assign/vec4 v000001246553ebe0_0, 0;
    %jmp T_0;
    .thread T_0;
# The file index is used to find the file name in the following table.
:file_names 3;
    "N/A";
    "<interactive>";
    "2014_q4a.v";
