#! /c/Source/iverilog-install/bin/vvp
:ivl_version "12.0 (devel)" "(s20150603-1539-g2693dd32b)";
:ivl_delay_selection "TYPICAL";
:vpi_time_precision + 0;
:vpi_module "C:\iverilog\lib\ivl\system.vpi";
:vpi_module "C:\iverilog\lib\ivl\vhdl_sys.vpi";
:vpi_module "C:\iverilog\lib\ivl\vhdl_textio.vpi";
:vpi_module "C:\iverilog\lib\ivl\v2005_math.vpi";
:vpi_module "C:\iverilog\lib\ivl\va_math.vpi";
S_0000022f0cd261b0 .scope module, "top_module" "top_module" 2 1;
 .timescale 0 0;
    .port_info 0 /INPUT 1 "clk";
    .port_info 1 /INPUT 1 "in";
    .port_info 2 /OUTPUT 1 "out";
o0000022f0cd76f88 .functor BUFZ 1, C4<z>; HiZ drive
v0000022f0cd26700_0 .net "clk", 0 0, o0000022f0cd76f88;  0 drivers
o0000022f0cd76fb8 .functor BUFZ 1, C4<z>; HiZ drive
v0000022f0cd26920_0 .net "in", 0 0, o0000022f0cd76fb8;  0 drivers
v0000022f0cd26bb0_0 .var "out", 0 0;
E_0000022f0cd752c0 .event posedge, v0000022f0cd26700_0;
    .scope S_0000022f0cd261b0;
T_0 ;
    %wait E_0000022f0cd752c0;
    %load/vec4 v0000022f0cd26920_0;
    %load/vec4 v0000022f0cd26bb0_0;
    %xor;
    %assign/vec4 v0000022f0cd26bb0_0, 0;
    %jmp T_0;
    .thread T_0;
# The file index is used to find the file name in the following table.
:file_names 3;
    "N/A";
    "<interactive>";
    "m2014_q4d.v";
