#! /c/Source/iverilog-install/bin/vvp
:ivl_version "12.0 (devel)" "(s20150603-1539-g2693dd32b)";
:ivl_delay_selection "TYPICAL";
:vpi_time_precision + 0;
:vpi_module "C:\iverilog\lib\ivl\system.vpi";
:vpi_module "C:\iverilog\lib\ivl\vhdl_sys.vpi";
:vpi_module "C:\iverilog\lib\ivl\vhdl_textio.vpi";
:vpi_module "C:\iverilog\lib\ivl\v2005_math.vpi";
:vpi_module "C:\iverilog\lib\ivl\va_math.vpi";
S_00000228a5ae61b0 .scope module, "top_module" "top_module" 2 1;
 .timescale 0 0;
    .port_info 0 /INPUT 1 "d";
    .port_info 1 /INPUT 1 "ena";
    .port_info 2 /OUTPUT 1 "q";
o00000228a5b36f88 .functor BUFZ 1, C4<z>; HiZ drive
v00000228a5ae6700_0 .net "d", 0 0, o00000228a5b36f88;  0 drivers
o00000228a5b36fb8 .functor BUFZ 1, C4<z>; HiZ drive
v00000228a5ae6920_0 .net "ena", 0 0, o00000228a5b36fb8;  0 drivers
v00000228a5ae6bb0_0 .var "q", 0 0;
E_00000228a5b34e80 .event anyedge, v00000228a5ae6920_0, v00000228a5ae6700_0;
    .scope S_00000228a5ae61b0;
T_0 ;
    %wait E_00000228a5b34e80;
    %load/vec4 v00000228a5ae6920_0;
    %flag_set/vec4 8;
    %jmp/0xz  T_0.0, 8;
    %load/vec4 v00000228a5ae6700_0;
    %assign/vec4 v00000228a5ae6bb0_0, 0;
T_0.0 ;
    %jmp T_0;
    .thread T_0, $push;
# The file index is used to find the file name in the following table.
:file_names 3;
    "N/A";
    "<interactive>";
    "m2014_q4a.v";
