#! /c/Source/iverilog-install/bin/vvp
:ivl_version "12.0 (devel)" "(s20150603-1539-g2693dd32b)";
:ivl_delay_selection "TYPICAL";
:vpi_time_precision + 0;
:vpi_module "C:\iverilog\lib\ivl\system.vpi";
:vpi_module "C:\iverilog\lib\ivl\vhdl_sys.vpi";
:vpi_module "C:\iverilog\lib\ivl\vhdl_textio.vpi";
:vpi_module "C:\iverilog\lib\ivl\v2005_math.vpi";
:vpi_module "C:\iverilog\lib\ivl\va_math.vpi";
S_000002112f7a60a0 .scope module, "top_module" "top_module" 2 1;
 .timescale 0 0;
    .port_info 0 /INPUT 1 "clk";
    .port_info 1 /INPUT 1 "L";
    .port_info 2 /INPUT 1 "r_in";
    .port_info 3 /INPUT 1 "q_in";
    .port_info 4 /OUTPUT 1 "Q";
v000002112f7a6920_0 .net "D", 0 0, L_000002112f7aecc0;  1 drivers
o000002112fa67008 .functor BUFZ 1, C4<z>; HiZ drive
v000002112f7a6230_0 .net "L", 0 0, o000002112fa67008;  0 drivers
v000002112f7a62d0_0 .var "Q", 0 0;
o000002112fa67068 .functor BUFZ 1, C4<z>; HiZ drive
v000002112f7a6370_0 .net "clk", 0 0, o000002112fa67068;  0 drivers
o000002112fa67098 .functor BUFZ 1, C4<z>; HiZ drive
v000002112f7a6410_0 .net "q_in", 0 0, o000002112fa67098;  0 drivers
o000002112fa670c8 .functor BUFZ 1, C4<z>; HiZ drive
v000002112f7aec20_0 .net "r_in", 0 0, o000002112fa670c8;  0 drivers
E_000002112fa652c0 .event posedge, v000002112f7a6370_0;
L_000002112f7aecc0 .functor MUXZ 1, o000002112fa67098, o000002112fa670c8, o000002112fa67008, C4<>;
    .scope S_000002112f7a60a0;
T_0 ;
    %wait E_000002112fa652c0;
    %load/vec4 v000002112f7a6920_0;
    %assign/vec4 v000002112f7a62d0_0, 0;
    %jmp T_0;
    .thread T_0;
# The file index is used to find the file name in the following table.
:file_names 3;
    "N/A";
    "<interactive>";
    "Mt2015_muxdff.v";
