#! /c/Source/iverilog-install/bin/vvp
:ivl_version "12.0 (devel)" "(s20150603-1539-g2693dd32b)";
:ivl_delay_selection "TYPICAL";
:vpi_time_precision + 0;
:vpi_module "C:\iverilog\lib\ivl\system.vpi";
:vpi_module "C:\iverilog\lib\ivl\vhdl_sys.vpi";
:vpi_module "C:\iverilog\lib\ivl\vhdl_textio.vpi";
:vpi_module "C:\iverilog\lib\ivl\v2005_math.vpi";
:vpi_module "C:\iverilog\lib\ivl\va_math.vpi";
S_000002034c206160 .scope module, "top_module" "top_module" 2 1;
 .timescale 0 0;
    .port_info 0 /INPUT 1 "clk";
    .port_info 1 /INPUT 1 "j";
    .port_info 2 /INPUT 1 "k";
    .port_info 3 /OUTPUT 1 "Q";
v000002034c2066b0_0 .var "Q", 0 0;
o000002034c256b28 .functor BUFZ 1, C4<z>; HiZ drive
v000002034c2062f0_0 .net "clk", 0 0, o000002034c256b28;  0 drivers
o000002034c256b58 .functor BUFZ 1, C4<z>; HiZ drive
v000002034c206390_0 .net "j", 0 0, o000002034c256b58;  0 drivers
o000002034c256b88 .functor BUFZ 1, C4<z>; HiZ drive
v000002034c206430_0 .net "k", 0 0, o000002034c256b88;  0 drivers
E_000002034c2090d0 .event posedge, v000002034c2062f0_0;
    .scope S_000002034c206160;
T_0 ;
    %wait E_000002034c2090d0;
    %load/vec4 v000002034c206430_0;
    %inv;
    %load/vec4 v000002034c2066b0_0;
    %and;
    %load/vec4 v000002034c206390_0;
    %load/vec4 v000002034c206430_0;
    %inv;
    %and;
    %or;
    %load/vec4 v000002034c206390_0;
    %load/vec4 v000002034c2066b0_0;
    %inv;
    %and;
    %or;
    %assign/vec4 v000002034c2066b0_0, 0;
    %jmp T_0;
    .thread T_0;
# The file index is used to find the file name in the following table.
:file_names 3;
    "N/A";
    "<interactive>";
    "ece241_2013_q7.v";
