#! /c/Source/iverilog-install/bin/vvp
:ivl_version "12.0 (devel)" "(s20150603-1539-g2693dd32b)";
:ivl_delay_selection "TYPICAL";
:vpi_time_precision + 0;
:vpi_module "C:\iverilog\lib\ivl\system.vpi";
:vpi_module "C:\iverilog\lib\ivl\vhdl_sys.vpi";
:vpi_module "C:\iverilog\lib\ivl\vhdl_textio.vpi";
:vpi_module "C:\iverilog\lib\ivl\v2005_math.vpi";
:vpi_module "C:\iverilog\lib\ivl\va_math.vpi";
S_000001aeac1c6d90 .scope module, "top_module" "top_module" 2 1;
 .timescale 0 0;
    .port_info 0 /INPUT 1 "clk";
    .port_info 1 /INPUT 1 "d";
    .port_info 2 /INPUT 1 "ar";
    .port_info 3 /OUTPUT 1 "q";
o000001aeac1c6f28 .functor BUFZ 1, C4<z>; HiZ drive
v000001aeac1766b0_0 .net "ar", 0 0, o000001aeac1c6f28;  0 drivers
o000001aeac1c6f58 .functor BUFZ 1, C4<z>; HiZ drive
v000001aeac176450_0 .net "clk", 0 0, o000001aeac1c6f58;  0 drivers
o000001aeac1c6f88 .functor BUFZ 1, C4<z>; HiZ drive
v000001aeac17d7f0_0 .net "d", 0 0, o000001aeac1c6f88;  0 drivers
v000001aeac17d890_0 .var "q", 0 0;
E_000001aeac1c5440 .event posedge, v000001aeac1766b0_0, v000001aeac176450_0;
    .scope S_000001aeac1c6d90;
T_0 ;
    %wait E_000001aeac1c5440;
    %load/vec4 v000001aeac1766b0_0;
    %flag_set/vec4 8;
    %jmp/0xz  T_0.0, 8;
    %pushi/vec4 0, 0, 1;
    %assign/vec4 v000001aeac17d890_0, 0;
    %jmp T_0.1;
T_0.0 ;
    %load/vec4 v000001aeac17d7f0_0;
    %assign/vec4 v000001aeac17d890_0, 0;
T_0.1 ;
    %jmp T_0;
    .thread T_0;
# The file index is used to find the file name in the following table.
:file_names 3;
    "N/A";
    "<interactive>";
    "m2014_q4b.v";
