#! /c/Source/iverilog-install/bin/vvp
:ivl_version "12.0 (devel)" "(s20150603-1539-g2693dd32b)";
:ivl_delay_selection "TYPICAL";
:vpi_time_precision + 0;
:vpi_module "C:\iverilog\lib\ivl\system.vpi";
:vpi_module "C:\iverilog\lib\ivl\vhdl_sys.vpi";
:vpi_module "C:\iverilog\lib\ivl\vhdl_textio.vpi";
:vpi_module "C:\iverilog\lib\ivl\v2005_math.vpi";
:vpi_module "C:\iverilog\lib\ivl\va_math.vpi";
S_0000017a95fb6c60 .scope module, "top_module" "top_module" 2 1;
 .timescale 0 0;
    .port_info 0 /INPUT 256 "in";
    .port_info 1 /INPUT 8 "sel";
    .port_info 2 /OUTPUT 1 "out";
o0000017a95fb6df8 .functor BUFZ 256, C4<zzzzzzzzzzzzzzzzzzzzzzzzzzzzzzzzzzzzzzzzzzzzzzzzzzzzzzzzzzzzzzzzzzzzzzzzzzzzzzzzzzzzzzzzzzzzzzzzzzzzzzzzzzzzzzzzzzzzzzzzzzzzzzzzzzzzzzzzzzzzzzzzzzzzzzzzzzzzzzzzzzzzzzzzzzzzzzzzzzzzzzzzzzzzzzzzzzzzzzzzzzzzzzzzzzzzzzzzzzzzzzzzzzzzzzzzzzzzzzzzzzzzzzzzzzzzzzzz>; HiZ drive
v0000017a95f66800_0 .net "in", 255 0, o0000017a95fb6df8;  0 drivers
v0000017a95f66450_0 .net "out", 0 0, L_0000017a95f6d080;  1 drivers
o0000017a95fb6e58 .functor BUFZ 8, C4<zzzzzzzz>; HiZ drive
v0000017a95f6cfe0_0 .net "sel", 7 0, o0000017a95fb6e58;  0 drivers
L_0000017a95f6d080 .part/v o0000017a95fb6df8, o0000017a95fb6e58, 1;
# The file index is used to find the file name in the following table.
:file_names 3;
    "N/A";
    "<interactive>";
    "Mux256to1.v";
